// Jest Snapshot v1, https://goo.gl/fbAQLP

exports[`PasscodeCheckScreen Snapshot should match the snapshot when onSuccess callback is passed 1`] = `
<RNCSafeAreaProvider
  onInsetsChange={[Function]}
  style={
    [
      {
        "flex": 1,
      },
      undefined,
    ]
  }
/>
`;

exports[`PasscodeCheckScreen Snapshot should match the snapshot with a back button and close button 1`] = `
<RNCSafeAreaProvider
  onInsetsChange={[Function]}
  style={
    [
      {
        "flex": 1,
      },
      undefined,
    ]
  }
/>
`;

exports[`PasscodeCheckScreen Snapshot should match the snapshot with default props 1`] = `
<RNCSafeAreaProvider
  onInsetsChange={[Function]}
  style={
    [
      {
        "flex": 1,
      },
      undefined,
    ]
  }
/>
`;
